nx_i2s.c:38:7:NX_I2S_Initialize	0	static
nx_i2s.c:62:6:NX_I2S_GetNumberOfModule	0	static
nx_i2s.c:78:6:NX_I2S_GetPhysicalAddress	0	static
nx_i2s.c:99:6:NX_I2S_GetSizeOfRegisterSet	0	static
nx_i2s.c:114:6:NX_I2S_SetBaseAddress	0	static
nx_i2s.c:131:6:NX_I2S_GetBaseAddress	0	static
nx_i2s.c:148:7:NX_I2S_OpenModule	0	static
nx_i2s.c:165:7:NX_I2S_CloseModule	0	static
nx_i2s.c:182:7:NX_I2S_CheckBusy	0	static
nx_i2s.c:199:7:NX_I2S_CanPowerDown	0	static
nx_i2s.c:214:6:NX_I2S_GetDMAIndex_PCMIn	16	static
nx_i2s.c:231:6:NX_I2S_GetDMAIndex_PCMOut	16	static
nx_i2s.c:248:6:NX_I2S_GetDMABusWidth	0	static
nx_i2s.c:257:6:NX_I2S_GetClockNumber	0	static
nx_i2s.c:278:9:NX_I2S_GetResetNumber	16	static
nx_i2s.c:296:9:NX_I2S_GetChannelClockIndication	0	static
nx_i2s.c:306:9:NX_I2S_GetTxFifoEmpty	0	static
nx_i2s.c:316:9:NX_I2S_GetRxFifoEmpty	0	static
nx_i2s.c:326:9:NX_I2S_GetTxFifoFull	0	static
nx_i2s.c:336:9:NX_I2S_GetRxFifoFull	0	static
nx_i2s.c:346:9:NX_I2S_TxDmaPauseEnable	0	static
nx_i2s.c:365:9:NX_I2S_RxDmaPauseEnable	0	static
nx_i2s.c:384:9:NX_I2S_TxChPauseEnable	0	static
nx_i2s.c:403:9:NX_I2S_RxChPauseEnable	0	static
nx_i2s.c:422:9:NX_I2S_TxDmaEnable	0	static
nx_i2s.c:441:9:NX_I2S_RxDmaEnable	0	static
nx_i2s.c:460:9:NX_I2S_I2SEnable	0	static
nx_i2s.c:480:9:NX_I2S_SetBitLengthControl	0	static
nx_i2s.c:499:9:NX_I2S_CodecClockDisable	0	static
nx_i2s.c:518:9:NX_I2S_SetMasterSlaveMode	0	static
nx_i2s.c:537:9:NX_I2S_SetTxRxMode	0	static
nx_i2s.c:556:9:NX_I2S_SetLRClockPoarity	0	static
nx_i2s.c:575:9:NX_I2S_SetSerialDataFormat	0	static
nx_i2s.c:594:9:NX_I2S_SetRootClockFrequency	0	static
nx_i2s.c:613:9:NX_I2S_SetBitClockFrequency	0	static
nx_i2s.c:633:9:NX_I2S_TxFifoFlushEnable	0	static
nx_i2s.c:652:9:NX_I2S_GetTxFifoDataCount	0	static
nx_i2s.c:662:9:NX_I2S_RxFifoFlushEnable	0	static
nx_i2s.c:681:9:NX_I2S_GetRxFifoDataCount	0	static
nx_i2s.c:692:9:NX_I2S_PrescalerEnable	0	static
nx_i2s.c:711:9:NX_I2S_SetPrescalerValue	0	static
nx_i2s.c:731:9:NX_I2S_SetTxData	32	static
nx_i2s.c:755:9:NX_I2S_GetRxData	24	static
