nx_ssp.c:37:7:NX_SSP_Initialize	0	static
nx_ssp.c:59:6:NX_SSP_GetNumberOfModule	0	static
nx_ssp.c:77:6:NX_SSP_GetPhysicalAddress	0	static
nx_ssp.c:98:6:NX_SSP_GetSizeOfRegisterSet	0	static
nx_ssp.c:113:6:NX_SSP_SetBaseAddress	0	static
nx_ssp.c:132:6:NX_SSP_GetBaseAddress	0	static
nx_ssp.c:150:7:NX_SSP_OpenModule	0	static
nx_ssp.c:166:7:NX_SSP_CloseModule	0	static
nx_ssp.c:184:7:NX_SSP_CheckBusy	0	static
nx_ssp.c:224:6:NX_SSP_GetInterruptNumber	16	static
nx_ssp.c:259:6:NX_SSP_SetInterruptEnable	0	static
nx_ssp.c:305:7:NX_SSP_GetInterruptEnable	0	static
nx_ssp.c:348:7:NX_SSP_GetInterruptPending	0	static
nx_ssp.c:389:6:NX_SSP_ClearInterruptPending	0	static
nx_ssp.c:420:6:NX_SSP_SetInterruptEnableAll	0	static
nx_ssp.c:458:7:NX_SSP_GetInterruptEnableAll	0	static
nx_ssp.c:495:7:NX_SSP_GetInterruptPendingAll	0	static
nx_ssp.c:531:6:NX_SSP_ClearInterruptPendingAll	0	static
nx_ssp.c:560:6:NX_SSP_GetInterruptPendingNumber	8	static
nx_ssp.c:623:6:NX_SSP_SetPriorityMode	0	static
nx_ssp.c:638:6:NX_SSP_GetDMAIndex_Tx	16	static
nx_ssp.c:655:6:NX_SSP_GetDMAIndex_Rx	16	static
nx_ssp.c:677:6:NX_SSP_GetDMABusWidth	0	static
nx_ssp.c:705:7:NX_SSP_SetClockPrescaler	0	static
nx_ssp.c:734:7:NX_SSP_GetClockPrescaler	0	static
nx_ssp.c:766:6:NX_SSP_SetDMATransferMode	0	static
nx_ssp.c:798:7:NX_SSP_GetDMATransferMode	0	static
nx_ssp.c:828:6:NX_SSP_SetDMATransmitMode	0	static
nx_ssp.c:860:7:NX_SSP_GetDMATransmitMode	0	static
nx_ssp.c:890:6:NX_SSP_SetDMAReceiveMode	0	static
nx_ssp.c:922:7:NX_SSP_GetDMAReceiveMode	0	static
nx_ssp.c:956:6:NX_SSP_SetBitWidth	0	static
nx_ssp.c:981:6:NX_SSP_GetBitWidth	0	static
nx_ssp.c:1002:6:NX_SSP_SetSlaveMode	0	static
nx_ssp.c:1034:7:NX_SSP_GetSlaveMode	0	static
nx_ssp.c:1065:6:NX_SSP_SetClockPolarityInvert	0	static
nx_ssp.c:1101:7:NX_SSP_GetClockPolarityInvert	0	static
nx_ssp.c:1131:6:NX_SSP_SetSlaveOutputEnable	0	static
nx_ssp.c:1163:7:NX_SSP_GetSlaveOutputEnable	0	static
nx_ssp.c:1203:6:NX_SSP_SetSPIFormat	0	static
nx_ssp.c:1248:15:NX_SSP_GetSPIFormat	0	static
nx_ssp.c:1290:8:NX_SSP_SetClockPhase	0	static
nx_ssp.c:1331:8:NX_SSP_GetClockPhase	0	static
nx_ssp.c:1373:6:NX_SSP_SetProtocol	0	static
nx_ssp.c:1403:17:NX_SSP_GetProtocol	0	static
nx_ssp.c:1431:6:NX_SSP_SetEnable	0	static
nx_ssp.c:1464:7:NX_SSP_GetEnable	0	static
nx_ssp.c:1494:5:NX_SSP_GetByte	0	static
nx_ssp.c:1512:6:NX_SSP_GetHalfWord	0	static
nx_ssp.c:1533:6:NX_SSP_PutByte	0	static
nx_ssp.c:1555:6:NX_SSP_PutHalfWord	0	static
nx_ssp.c:1585:7:NX_SSP_IsTxFIFOEmpty	0	static
nx_ssp.c:1617:7:NX_SSP_IsTxFIFOFull	0	static
nx_ssp.c:1650:7:NX_SSP_IsRxFIFOEmpty	0	static
nx_ssp.c:1682:7:NX_SSP_IsRxFIFOFull	0	static
nx_ssp.c:1714:7:NX_SSP_IsTxRxEnd	0	static
nx_ssp.c:1722:6:NX_SSP_Set_SSPCR0	0	static
nx_ssp.c:1730:6:NX_SSP_Get_SSPCR0	0	static
nx_ssp.c:1738:6:NX_SSP_Set_SSPCR1	0	static
nx_ssp.c:1746:6:NX_SSP_Get_SSPCR1	0	static
nx_ssp.c:1754:6:NX_SSP_Set_SSPDR	0	static
nx_ssp.c:1762:6:NX_SSP_Get_SSPDR	0	static
nx_ssp.c:1771:6:NX_SSP_Get_SSPSR	0	static
nx_ssp.c:1779:6:NX_SSP_Set_SSPCPSR	0	static
nx_ssp.c:1787:6:NX_SSP_Get_SSPCPSR	0	static
nx_ssp.c:1795:6:NX_SSP_Set_SSPIMSC	0	static
nx_ssp.c:1803:6:NX_SSP_Get_SSPIMSC	0	static
nx_ssp.c:1812:6:NX_SSP_Get_SSPRIS	0	static
nx_ssp.c:1821:6:NX_SSP_Get_SSPMIS	0	static
nx_ssp.c:1829:6:NX_SSP_Set_SSPICR	0	static
nx_ssp.c:1838:6:NX_SSP_Set_SSPDMACR	0	static
nx_ssp.c:1846:6:NX_SSP_Get_SSPDMACR	0	static
nx_ssp.c:1855:6:NX_SSP_Get_SSPPeriphID0	0	static
nx_ssp.c:1864:6:NX_SSP_Get_SSPPeriphID1	0	static
nx_ssp.c:1873:6:NX_SSP_Get_SSPPeriphID2	0	static
nx_ssp.c:1882:6:NX_SSP_Get_SSPPeriphID3	0	static
nx_ssp.c:1891:6:NX_SSP_Get_SSPCellID0	0	static
nx_ssp.c:1900:6:NX_SSP_Get_SSPCellID1	0	static
nx_ssp.c:1909:6:NX_SSP_Get_SSPCellID2	0	static
nx_ssp.c:1918:6:NX_SSP_Get_SSPCellID3	0	static
nx_ssp.c:1928:5:NX_SSP_GetClockNumber	0	static
nx_ssp.c:1937:5:NX_SSP_GetResetNumber	40	static
